
> catlabel-studio@1.0.0 build
> vite build

vite v6.4.3 building for production...
transforming...
Browserslist: browsers data (caniuse-lite) is 6 months old. Please run:
  npx update-browserslist-db@latest
  Why you should do it regularly: https://github.com/browserslist/update-db#readme
✓ 2060 modules transformed.
rendering chunks...
computing gzip size...
dist/index.html                                0.95 kB │ gzip:   0.46 kB
dist/logo.webp                                 3.33 kB
dist/assets/index-Zg8_GkNI.css                41.20 kB │ gzip:   7.47 kB
dist/assets/loader-circle-BgJlnR40.js          0.32 kB │ gzip:   0.26 kB
dist/assets/arrow-right-ovci1SsU.js            0.34 kB │ gzip:   0.27 kB
dist/assets/settings-2-cnLbYsAo.js             1.11 kB │ gzip:   0.44 kB
dist/assets/tag-Ezy8hWuy.js                    2.22 kB │ gzip:   0.72 kB
dist/assets/LocalBatchRenderer-B3HtQHY-.js     2.36 kB │ gzip:   1.21 kB
dist/assets/HtmlPickerModal-Bm5cf8mf.js        2.64 kB │ gzip:   1.15 kB
dist/assets/settings-B1SKw44m.js               2.75 kB │ gzip:   0.91 kB
dist/assets/DateToolModal-DnRezMsF.js          4.37 kB │ gzip:   1.51 kB
dist/assets/BatchPrintModal-BVgkD3HD.js        5.09 kB │ gzip:   1.94 kB
dist/assets/TemplateWizardModal-DQmFrKuw.js    6.47 kB │ gzip:   2.28 kB
dist/assets/AIConfigModal-G865atov.js         11.88 kB │ gzip:   3.59 kB
dist/assets/OnboardingWizard-djS_GEnR.js      14.75 kB │ gzip:   3.85 kB
dist/assets/browser-C6wLNMF-.js               25.78 kB │ gzip:  10.13 kB
dist/assets/editor-vendor-CjWzHRsn.js         43.56 kB │ gzip:  16.39 kB
dist/assets/index-C4y2cGCn.js                102.96 kB │ gzip:  25.85 kB
dist/assets/AIAssistant-CxPtg_tR.js          177.39 kB │ gzip:  53.60 kB
dist/assets/react-vendor-CnlnvpyN.js         193.89 kB │ gzip:  60.59 kB
dist/assets/index-ekeYt1RA.js                225.78 kB │ gzip:  56.28 kB
dist/assets/canvas-vendor-CNeIJug_.js        312.85 kB │ gzip:  96.03 kB
dist/assets/IconPicker-CDTNQAN0.js           763.52 kB │ gzip: 142.38 kB
dist/assets/bwip-js-V6j_Sl4j.js              951.49 kB │ gzip: 259.57 kB

(!) Some chunks are larger than 500 kB after minification. Consider:
- Using dynamic import() to code-split the application
- Use build.rollupOptions.output.manualChunks to improve chunking: https://rollupjs.org/configuration-options/#output-manualchunks
- Adjust chunk size limit for this warning via build.chunkSizeWarningLimit.
✓ built in 7.81s
